Basler calibration capture
- Move the chessboard through the FOV (tilt/rotate/translate).
- Press SPACE to save a frame.
- Press Q or ESC to quit early.
- Target images: 60
- Run dir: D:\Electryone\PTL24_Marker\common\calib_images\basler_intrinsics_0001_20260113_152712
Saved D:\Electryone\PTL24_Marker\common\calib_images\basler_intrinsics_0001_20260113_152712\images\img_0001.png
Saved D:\Electryone\PTL24_Marker\common\calib_images\basler_intrinsics_0001_20260113_152712\images\img_0002.png
Saved D:\Electryone\PTL24_Marker\common\calib_images\basler_intrinsics_0001_20260113_152712\images\img_0003.png
Saved D:\Electryone\PTL24_Marker\common\calib_images\basler_intrinsics_0001_20260113_152712\images\img_0004.png
Saved D:\Electryone\PTL24_Marker\common\calib_images\basler_intrinsics_0001_20260113_152712\images\img_0005.png
Saved D:\Electryone\PTL24_Marker\common\calib_images\basler_intrinsics_0001_20260113_152712\images\img_0006.png
Saved D:\Electryone\PTL24_Marker\common\calib_images\basler_intrinsics_0001_20260113_152712\images\img_0007.png
Saved D:\Electryone\PTL24_Marker\common\calib_images\basler_intrinsics_0001_20260113_152712\images\img_0008.png
Saved D:\Electryone\PTL24_Marker\common\calib_images\basler_intrinsics_0001_20260113_152712\images\img_0009.png
Saved D:\Electryone\PTL24_Marker\common\calib_images\basler_intrinsics_0001_20260113_152712\images\img_0010.png
Saved D:\Electryone\PTL24_Marker\common\calib_images\basler_intrinsics_0001_20260113_152712\images\img_0011.png
Saved D:\Electryone\PTL24_Marker\common\calib_images\basler_intrinsics_0001_20260113_152712\images\img_0012.png
Saved D:\Electryone\PTL24_Marker\common\calib_images\basler_intrinsics_0001_20260113_152712\images\img_0013.png
Saved D:\Electryone\PTL24_Marker\common\calib_images\basler_intrinsics_0001_20260113_152712\images\img_0014.png
Saved D:\Electryone\PTL24_Marker\common\calib_images\basler_intrinsics_0001_20260113_152712\images\img_0015.png
Saved D:\Electryone\PTL24_Marker\common\calib_images\basler_intrinsics_0001_20260113_152712\images\img_0016.png
Saved D:\Electryone\PTL24_Marker\common\calib_images\basler_intrinsics_0001_20260113_152712\images\img_0017.png
Saved D:\Electryone\PTL24_Marker\common\calib_images\basler_intrinsics_0001_20260113_152712\images\img_0018.png
Saved D:\Electryone\PTL24_Marker\common\calib_images\basler_intrinsics_0001_20260113_152712\images\img_0019.png
Saved D:\Electryone\PTL24_Marker\common\calib_images\basler_intrinsics_0001_20260113_152712\images\img_0020.png
Saved D:\Electryone\PTL24_Marker\common\calib_images\basler_intrinsics_0001_20260113_152712\images\img_0021.png
Saved D:\Electryone\PTL24_Marker\common\calib_images\basler_intrinsics_0001_20260113_152712\images\img_0022.png
Saved D:\Electryone\PTL24_Marker\common\calib_images\basler_intrinsics_0001_20260113_152712\images\img_0023.png
Saved D:\Electryone\PTL24_Marker\common\calib_images\basler_intrinsics_0001_20260113_152712\images\img_0024.png
Saved D:\Electryone\PTL24_Marker\common\calib_images\basler_intrinsics_0001_20260113_152712\images\img_0025.png
Saved D:\Electryone\PTL24_Marker\common\calib_images\basler_intrinsics_0001_20260113_152712\images\img_0026.png
Saved D:\Electryone\PTL24_Marker\common\calib_images\basler_intrinsics_0001_20260113_152712\images\img_0027.png
Saved D:\Electryone\PTL24_Marker\common\calib_images\basler_intrinsics_0001_20260113_152712\images\img_0028.png
Saved D:\Electryone\PTL24_Marker\common\calib_images\basler_intrinsics_0001_20260113_152712\images\img_0029.png
Saved D:\Electryone\PTL24_Marker\common\calib_images\basler_intrinsics_0001_20260113_152712\images\img_0030.png
Saved D:\Electryone\PTL24_Marker\common\calib_images\basler_intrinsics_0001_20260113_152712\images\img_0031.png
Saved D:\Electryone\PTL24_Marker\common\calib_images\basler_intrinsics_0001_20260113_152712\images\img_0032.png
Saved D:\Electryone\PTL24_Marker\common\calib_images\basler_intrinsics_0001_20260113_152712\images\img_0033.png
Saved D:\Electryone\PTL24_Marker\common\calib_images\basler_intrinsics_0001_20260113_152712\images\img_0034.png
Saved D:\Electryone\PTL24_Marker\common\calib_images\basler_intrinsics_0001_20260113_152712\images\img_0035.png
Saved D:\Electryone\PTL24_Marker\common\calib_images\basler_intrinsics_0001_20260113_152712\images\img_0036.png
Saved D:\Electryone\PTL24_Marker\common\calib_images\basler_intrinsics_0001_20260113_152712\images\img_0037.png
Saved D:\Electryone\PTL24_Marker\common\calib_images\basler_intrinsics_0001_20260113_152712\images\img_0038.png
Saved D:\Electryone\PTL24_Marker\common\calib_images\basler_intrinsics_0001_20260113_152712\images\img_0039.png
Saved D:\Electryone\PTL24_Marker\common\calib_images\basler_intrinsics_0001_20260113_152712\images\img_0040.png
Saved D:\Electryone\PTL24_Marker\common\calib_images\basler_intrinsics_0001_20260113_152712\images\img_0041.png
Saved D:\Electryone\PTL24_Marker\common\calib_images\basler_intrinsics_0001_20260113_152712\images\img_0042.png
Saved D:\Electryone\PTL24_Marker\common\calib_images\basler_intrinsics_0001_20260113_152712\images\img_0043.png
Saved D:\Electryone\PTL24_Marker\common\calib_images\basler_intrinsics_0001_20260113_152712\images\img_0044.png
Saved D:\Electryone\PTL24_Marker\common\calib_images\basler_intrinsics_0001_20260113_152712\images\img_0045.png
Saved D:\Electryone\PTL24_Marker\common\calib_images\basler_intrinsics_0001_20260113_152712\images\img_0046.png
Saved D:\Electryone\PTL24_Marker\common\calib_images\basler_intrinsics_0001_20260113_152712\images\img_0047.png
Saved D:\Electryone\PTL24_Marker\common\calib_images\basler_intrinsics_0001_20260113_152712\images\img_0048.png
Saved D:\Electryone\PTL24_Marker\common\calib_images\basler_intrinsics_0001_20260113_152712\images\img_0049.png
Saved D:\Electryone\PTL24_Marker\common\calib_images\basler_intrinsics_0001_20260113_152712\images\img_0050.png
Saved D:\Electryone\PTL24_Marker\common\calib_images\basler_intrinsics_0001_20260113_152712\images\img_0051.png
Saved D:\Electryone\PTL24_Marker\common\calib_images\basler_intrinsics_0001_20260113_152712\images\img_0052.png
Saved D:\Electryone\PTL24_Marker\common\calib_images\basler_intrinsics_0001_20260113_152712\images\img_0053.png
Saved D:\Electryone\PTL24_Marker\common\calib_images\basler_intrinsics_0001_20260113_152712\images\img_0054.png
Saved D:\Electryone\PTL24_Marker\common\calib_images\basler_intrinsics_0001_20260113_152712\images\img_0055.png
Saved D:\Electryone\PTL24_Marker\common\calib_images\basler_intrinsics_0001_20260113_152712\images\img_0056.png
Saved D:\Electryone\PTL24_Marker\common\calib_images\basler_intrinsics_0001_20260113_152712\images\img_0057.png
Saved D:\Electryone\PTL24_Marker\common\calib_images\basler_intrinsics_0001_20260113_152712\images\img_0058.png
Saved D:\Electryone\PTL24_Marker\common\calib_images\basler_intrinsics_0001_20260113_152712\images\img_0059.png
Saved D:\Electryone\PTL24_Marker\common\calib_images\basler_intrinsics_0001_20260113_152712\images\img_0060.png
Capture complete: 60 images -> D:\Electryone\PTL24_Marker\common\calib_images\basler_intrinsics_0001_20260113_152712\images
